// Jest Snapshot v1, https://goo.gl/fbAQLP

exports[`Pruebas en <TodoAdd /> Debe de mostrarse correctamente 1`] = `
<form
  onSubmit={[Function]}
>
  <input
    autoComplete="off"
    className="form-control"
    name="description"
    onChange={[Function]}
    placeholder="Aprender ..."
    type="text"
    value=""
  />
  <br />
  <button
    className="btn btn-primary w-100 mt-2"
    type="submit"
  >
    Agregar +
  </button>
</form>
`;
