// Jest Snapshot v1, https://goo.gl/fbAQLP

exports[`Tests for GiftGrid component should show the correct component and match with the snapshot 1`] = `
<Fragment>
  <h3
    className=" animate__animated animate__fadeIn"
  >
     
    Goku
     
  </h3>
  <p
    className=" animate__animated animate__flash"
  >
    Loading
  </p>
  <br />
  <div
    className="card-grid"
  />
</Fragment>
`;
